<?xml version="1.0" encoding="utf-8"?><testsuites name="pytest tests"><testsuite name="pytest" errors="0" failures="0" skipped="0" tests="1" time="0.097" timestamp="2025-08-27T23:33:12.969361+08:00" hostname="arno-VMware-Virtual-Platform"><testcase classname="test_api" name="test_hello_api" time="0.016" /></testsuite></testsuites>